---
source: tests/snapshots.rs
expression: "redact(&text, &state.workspace)"
---
▎E  EXPLORER                    │  Welcome                                      
 G ▎▾ src                       │                                               
 S  ╭ COMMAND PALETTE ─────────────────────────────────────────────────────╮    
    │❯ save                                                                │    
    │▎Save File  editor.save                                               │    
    │ Save As  editor.save_as                                              │    
    │                                                                      │    
    │                                                                      │    
    │                                                                      │    
    │                                                                      │    
    │                                                                      │    
    │                                                                      │    
    │                                                                      │    
    │                                                                      │    
    │                                                                      │    
    ╰──────────────────────────────────────────────────────────────────────╯    
                                │                                               
                                │                                               
                                │                                               
                                │                                               
                                │                                               
                                │                                               
                                │                                               
 OVERLAY
