---
source: tests/snapshots.rs
expression: "redact(&text, &state.workspace)"
---
▎E  EXPLORER                    │  main.rs E1 ×
 G ▎▾ src •  E1                 │▎ src  ›  main.rs
 S  │ ◆ main.rs M  E1           │   1 fn main() {
    │ ◆ utils.rs M              │W  2     let unused = 1;
    ≡ README.md                 │   3     println!("value");
    ≡ 設 計 .md U                 │E  4     let missing_semi = 2
                                │   5 }
                                │   6
                                │
                                │
                                │
                                │
                                │
                                │
                                │
                                │
                                │
                                │
                                │
                                │
                                │                          ╭ NOTIFICATION ─────╮
                                │                          │Saved src/main.rs  │
                                │                          ╰───────────────────╯
 EDITOR │ ◉ featur✗ 1  ▲ 1 │ rust │ UTF-8 LF │ Ln 1, Col 1 │ Notifs 0 │ F1 Help
