---
source: tests/snapshots.rs
assertion_line: 454
expression: "redact(&text, &state.workspace)"
---
 SEARCH                      │
╭─ FIND                      │
│ ❯ value                    │
╰─ click box, type query, Ent│
 □ Case    □ Word            │
 ✓ Regex    □ Hidden         │
 □ Binary   1 results        │
▾ src/main.rs (1)            │
  3:14      println!("value")│
                             │
                             │
                             │
                             │
                             │
                             │
                             │
                             │
                             │
                             │
                             │
                             │
                             │
                             │
                             │
                             │
                             │
                             │
                             │
                             │
