---
source: tests/snapshots.rs
expression: "redact(&text, &state.workspace)"
---
 PROBLEMS  OUTPUT  TERMINAL   [Problems: All] F filter ─────────────────────────────────────────────
▾ <WORKSPACE>/src/main.rs                                                   
  W unused variable: `unused` [unused_variables] — compiler  2:9                                    
  E expected `;`, found `}` [E0308] — compiler  4:9                                                 
▾ <WORKSPACE>/src/utils.rs                                                  
  W missing documentation — compiler  1:1
