---
source: tests/snapshots.rs
expression: "redact(&text, &state.workspace)"
---
▎E  EXPLORER                    │  Welcome                                      
 G ▎▾ src                       │▎ Mica Workspace                               
 S  │ ◆ main.rs                 │                                               
    ╭ CONFIRM DELETE ──────────────────────────────────────────────────────╮    
    │  Delete src/utils.rs?                                                │    
    │  0 entries                                                           │    
    │  WARNING: 1 unsaved buffer(s) will remain open                       │    
    │                                                                      │    
    │  Enter: confirm    Esc: cancel                                       │    
    ╰──────────────────────────────────────────────────────────────────────╯    
                                │                                               
                                │                                               
                                │                                               
                                │                                               
                                │                                               
                                │                                               
                                │                                               
                                │                                               
                                │                                               
                                │                                               
                                │                                               
                                │                                               
                                │                                               
 OVERLAY
