---
source: tests/snapshots.rs
expression: "redact(&text, &state.workspace)"
---
 E  EXPLORER                    │  main.rs ×                                    
 G ▾ src •  E1                  │   1 fn main() {                               
 S   · main.rs M  E1            │W  2     let unused = 1;                       
     · utils.rs M               │   3     println!("value");                    
   · README.md                  │E  4     let missing_semi = 2                  
   · 設 計 .md U                  │   5 }                                         
                                │   6                                           
                                │                                               
                                │                                               
                                │                                               
                                │                                               
                                │                                               
                                │                                               
                                │                                               
                                │                                               
                                │                                               
                                │                                               
                                │                                               
                                │                                               
                                │                                               
                                │                                               
                                │                                               
                                │                                               
 main.rs   Saved src/main.rs   Git feature/snapshots ↑2↓1 ±4   E 1  W 1   UTF-8
