---
source: tests/snapshots.rs
expression: "redact(&text, &state.workspace)"
---
▎E  EXPLORER                    │  Welcome
 G ▎▾ src                       │▎ Mica Workspace
 S  ╭ COMMAND PALETTE ─────────────────────────────────────────────────────╮
    │❯ save                                                                │
    │▎Save File  editor.save                                               │
    │ Save As  editor.save_as                                              │
    │ Save All  editor.save_all                                            │
    │                                                                      │
    │                                                                      │
    │                                                                      │
    │                                                                      │
    │                                                                      │
    │                                                                      │
    │                                                                      │
    │                                                                      │
    ╰──────────────────────────────────────────────────────────────────────╯
                                │
                                │
                                │
                                │
                                │
                                │
                                │
 OVERLAY                                                     Notifs 0 │ F1 Help
