---
source: tests/snapshots.rs
assertion_line: 858
expression: "redact(&text, &state.workspace)"
---
▎▣  EXPLORER                    │  Welcome
 ⎇ ▎▾ src                       │▎ Mica Workspace
 ⌕  │╭ NOTIFICATION HISTORY · 2 · ALT+N/ESC CLOSE ────────────────────────────────────────────╮
    ││ E 02:02:02Z  Git push failed                                                           │
    ≡│ I 01:01:01Z  Saved src/main.rs                                                         │
    ≡│                                                                                        │
     │                                                                                        │
     │                                                                                        │
     │                                                                                        │
     │                                                                                        │
     │                                                                                        │
     │                                                                                        │
     │                                                                                        │
     │                                                                                        │
     │                                                                                        │
     │                                                                                        │
     │                                                                                        │
     │                                                                                        │
     │                                                                                        │
     │                                                                                        │
     │                                                                                        │
     ╰────────────────────────────────────────────────────────────────────────────────────────╯
                                │
 OVERLAY                                                             Enter Esc │ Notifs 2 │ F1 Help
