---
source: tests/snapshots.rs
assertion_line: 728
expression: "redact(&text, &state.workspace)"
---
▎▣  EXPLORER                    │  Welcome
 ⎇ ▎▾ src                       │▎ Mica Workspace
 ⌕  │ ◆ main.rs                 │
    ╭ CONFIRM DELETE ──────────────────────────────────────────────────────╮
    │  Delete src/utils.rs?                                                │
    │  0 entries                                                           │
    │  WARNING: 1 unsaved buffer(s) will remain open                       │
    │                                                                      │
    │  Enter: confirm    Esc: cancel                                       │
    ╰──────────────────────────────────────────────────────────────────────╯
                                │
                                │
                                │
                                │
                                │
                                │
                                │
                                │
                                │
                                │
                                │
                                │
                                │
 OVERLAY                                                     Notifs 0 │ F1 Help
